// Jest Snapshot v1, https://goo.gl/fbAQLP

exports[`check the whole app with 3 tabs 1`] = `
Object {
  "asFragment": [Function],
  "baseElement": <body>
    <div>
      <nav
        class="tabs"
      >
        <div
          aria-labelledby="nav-tablist"
          role="tablist"
        >
          <button
            aria-controls="tabpanel-tab1"
            aria-selected="true"
            id="tab-tab1"
            role="tab"
            tabindex="0"
            type="button"
          >
            <span>
              Tab1
            </span>
          </button>
          <button
            aria-controls="tabpanel-tab2"
            aria-selected="false"
            id="tab-tab2"
            role="tab"
            tabindex="-1"
            type="button"
          >
            <span>
              Tab2
            </span>
          </button>
          <button
            aria-controls="tabpanel-tab3"
            aria-selected="false"
            id="tab-tab3"
            role="tab"
            tabindex="-1"
            type="button"
          >
            <span>
              Tab3
            </span>
          </button>
        </div>
      </nav>
    </div>
  </body>,
  "container": <div>
    <nav
      class="tabs"
    >
      <div
        aria-labelledby="nav-tablist"
        role="tablist"
      >
        <button
          aria-controls="tabpanel-tab1"
          aria-selected="true"
          id="tab-tab1"
          role="tab"
          tabindex="0"
          type="button"
        >
          <span>
            Tab1
          </span>
        </button>
        <button
          aria-controls="tabpanel-tab2"
          aria-selected="false"
          id="tab-tab2"
          role="tab"
          tabindex="-1"
          type="button"
        >
          <span>
            Tab2
          </span>
        </button>
        <button
          aria-controls="tabpanel-tab3"
          aria-selected="false"
          id="tab-tab3"
          role="tab"
          tabindex="-1"
          type="button"
        >
          <span>
            Tab3
          </span>
        </button>
      </div>
    </nav>
  </div>,
  "debug": [Function],
  "findAllByAltText": [Function],
  "findAllByDisplayValue": [Function],
  "findAllByLabelText": [Function],
  "findAllByPlaceholderText": [Function],
  "findAllByRole": [Function],
  "findAllByTestId": [Function],
  "findAllByText": [Function],
  "findAllByTitle": [Function],
  "findByAltText": [Function],
  "findByDisplayValue": [Function],
  "findByLabelText": [Function],
  "findByPlaceholderText": [Function],
  "findByRole": [Function],
  "findByTestId": [Function],
  "findByText": [Function],
  "findByTitle": [Function],
  "getAllByAltText": [Function],
  "getAllByDisplayValue": [Function],
  "getAllByLabelText": [Function],
  "getAllByPlaceholderText": [Function],
  "getAllByRole": [Function],
  "getAllByTestId": [Function],
  "getAllByText": [Function],
  "getAllByTitle": [Function],
  "getByAltText": [Function],
  "getByDisplayValue": [Function],
  "getByLabelText": [Function],
  "getByPlaceholderText": [Function],
  "getByRole": [Function],
  "getByTestId": [Function],
  "getByText": [Function],
  "getByTitle": [Function],
  "queryAllByAltText": [Function],
  "queryAllByDisplayValue": [Function],
  "queryAllByLabelText": [Function],
  "queryAllByPlaceholderText": [Function],
  "queryAllByRole": [Function],
  "queryAllByTestId": [Function],
  "queryAllByText": [Function],
  "queryAllByTitle": [Function],
  "queryByAltText": [Function],
  "queryByDisplayValue": [Function],
  "queryByLabelText": [Function],
  "queryByPlaceholderText": [Function],
  "queryByRole": [Function],
  "queryByTestId": [Function],
  "queryByText": [Function],
  "queryByTitle": [Function],
  "rerender": [Function],
  "unmount": [Function],
}
`;
